{"error":"GOOGLE_API_KEY is not configured"}